Warning : only hits beetween 12h and 13h have been taken into account
/SiteWebIF/Intranet-etudiant.php  (7155 hits)
/temps/  (2593 hits)
/notesif/  (2416 hits)
/temps/3IF1.ics  (2161 hits)
/notesif  (2000 hits)
/temps/4IF39.html  (1865 hits)
/temps/3IF39.html  (1734 hits)
/temps/4IF38.html  (1565 hits)
/temps/4IF1.ics  (1266 hits)
/temps/4IF40.html  (1203 hits)