Warning : only hits beetween 12h and 13h have been taken into account
/SiteWebIF/Intranet-etudiant.php  (7155 hits)
/temps/style_emploi_du_temps.css  (4410 hits)
/temps/FondInsa.jpg  (4262 hits)
/temps/suivant.gif  (4195 hits)
/temps/choix.gif  (4188 hits)
/temps/precedent.gif  (4151 hits)
/temps/InsaIF.ico  (3064 hits)
/temps/  (2593 hits)
/notesif/  (2416 hits)
/temps/3IF1.ics  (2161 hits)