/SiteWebIF/Intranet-etudiant.php  (7172 hits)
/temps/  (2599 hits)
/notesif/  (2424 hits)
/temps/3IF1.ics  (2165 hits)
/notesif  (2006 hits)
/temps/4IF39.html  (1865 hits)
/temps/3IF39.html  (1738 hits)
/temps/4IF38.html  (1565 hits)
/temps/4IF1.ics  (1267 hits)
/temps/4IF40.html  (1203 hits)